I'm sorry, but errors were detected in your script. Please correct the
errors listed below, and try again.


File "game/screens.rpy", line 480: expected a keyword argument, colon, or end of line.
    image mainmenu_b = im.MatrixColor("images/mainmenu.png", im.matrix.brightness(+0.2))
                     ^

Ren'Py Version: Ren'Py 7.4.10.2178
Tue Feb 22 21:03:39 2022
